---
source: crates/subgraph/tests/orders_test.rs
expression: request_body.query
---
query OrdersListQuery($first: Int, $skip: Int, $filters: Order_filter) {
  orders(orderBy: timestampAdded, orderDirection: desc, skip: $skip, first: $first, where: $filters) {
    id
    orderBytes
    orderHash
    owner
    outputs {
      id
      owner
      vaultId
      balance
      token {
        id
        address
        name
        symbol
        decimals
      }
      orderbook {
        id
      }
      ordersAsOutput {
        id
        orderHash
        active
      }
      ordersAsInput {
        id
        orderHash
        active
      }
      balanceChanges {
        __typename
        ... on Withdrawal {
          id
          __typename
          amount
          newVaultBalance
          oldVaultBalance
          vault {
            id
            token {
              id
              address
              name
              symbol
              decimals
            }
          }
          timestamp
          transaction {
            id
            from
            blockNumber
            timestamp
          }
          orderbook {
            id
          }
        }
        ... on TradeVaultBalanceChange {
          id
          __typename
          amount
          newVaultBalance
          oldVaultBalance
          vault {
            id
            token {
              id
              address
              name
              symbol
              decimals
            }
          }
          timestamp
          transaction {
            id
            from
            blockNumber
            timestamp
          }
          orderbook {
            id
          }
        }
        ... on Deposit {
          id
          __typename
          amount
          newVaultBalance
          oldVaultBalance
          vault {
            id
            token {
              id
              address
              name
              symbol
              decimals
            }
          }
          timestamp
          transaction {
            id
            from
            blockNumber
            timestamp
          }
          orderbook {
            id
          }
        }
      }
    }
    inputs {
      id
      owner
      vaultId
      balance
      token {
        id
        address
        name
        symbol
        decimals
      }
      orderbook {
        id
      }
      ordersAsOutput {
        id
        orderHash
        active
      }
      ordersAsInput {
        id
        orderHash
        active
      }
      balanceChanges {
        __typename
        ... on Withdrawal {
          id
          __typename
          amount
          newVaultBalance
          oldVaultBalance
          vault {
            id
            token {
              id
              address
              name
              symbol
              decimals
            }
          }
          timestamp
          transaction {
            id
            from
            blockNumber
            timestamp
          }
          orderbook {
            id
          }
        }
        ... on TradeVaultBalanceChange {
          id
          __typename
          amount
          newVaultBalance
          oldVaultBalance
          vault {
            id
            token {
              id
              address
              name
              symbol
              decimals
            }
          }
          timestamp
          transaction {
            id
            from
            blockNumber
            timestamp
          }
          orderbook {
            id
          }
        }
        ... on Deposit {
          id
          __typename
          amount
          newVaultBalance
          oldVaultBalance
          vault {
            id
            token {
              id
              address
              name
              symbol
              decimals
            }
          }
          timestamp
          transaction {
            id
            from
            blockNumber
            timestamp
          }
          orderbook {
            id
          }
        }
      }
    }
    orderbook {
      id
    }
    active
    timestampAdded
    meta
    addEvents {
      transaction {
        id
        from
        blockNumber
        timestamp
      }
    }
    trades {
      id
    }
  }
}
