---
source: crates/subgraph/tests/order_trades_test.rs
expression: request_body.query
---
query SgOrderTradesListQuery($first: Int, $id: Bytes!, $skip: Int, $timestampGte: BigInt, $timestampLte: BigInt) {
  trades(skip: $skip, first: $first, orderBy: timestamp, orderDirection: desc, where: {order_: {id: $id, }, timestamp_gte: $timestampGte, timestamp_lte: $timestampLte, }) {
    id
    tradeEvent {
      transaction {
        id
        from
        blockNumber
        timestamp
      }
      sender
    }
    outputVaultBalanceChange {
      id
      __typename
      amount
      newVaultBalance
      oldVaultBalance
      vault {
        id
        vaultId
        token {
          id
          address
          name
          symbol
          decimals
        }
      }
      timestamp
      transaction {
        id
        from
        blockNumber
        timestamp
      }
      orderbook {
        id
      }
    }
    order {
      id
      orderHash
    }
    inputVaultBalanceChange {
      id
      __typename
      amount
      newVaultBalance
      oldVaultBalance
      vault {
        id
        vaultId
        token {
          id
          address
          name
          symbol
          decimals
        }
      }
      timestamp
      transaction {
        id
        from
        blockNumber
        timestamp
      }
      orderbook {
        id
      }
    }
    timestamp
    orderbook {
      id
    }
  }
}
