---
source: crates/subgraph/tests/vault_balance_changes_test.rs
expression: request_body.query
---
query SgVaultBalanceChangesListQuery($first: Int, $id: Bytes!, $skip: Int) {
  vaultBalanceChanges(orderDirection: desc, orderBy: timestamp, where: {vault_: {id: $id, }, }, skip: $skip, first: $first) {
    __typename
    amount
    newVaultBalance
    oldVaultBalance
    vault {
      id
      vaultId
      token {
        id
        address
        name
        symbol
        decimals
      }
    }
    timestamp
    transaction {
      id
      from
      blockNumber
      timestamp
    }
    orderbook {
      id
    }
  }
}
