---
source: crates/subgraph/tests/vault_balance_changes_test.rs
expression: request_body.query
---
query VaultBalanceChangesListQuery($first: Int, $id: ID!, $skip: Int) {
  vaultDeposits(orderBy: timestamp, orderDirection: desc, where: {tokenVault_: {id: $id, }, }, skip: $skip, first: $first) {
    id
    vaultId
    timestamp
    amount
    amountDisplay
    sender {
      id
    }
    transaction {
      id
    }
    tokenVault {
      id
      token {
        id
        name
        symbol
        decimals
      }
      balance
      balanceDisplay
    }
  }
  vaultWithdraws(orderBy: timestamp, orderDirection: desc, where: {tokenVault_: {id: $id, }, }, skip: $skip, first: $first) {
    id
    vaultId
    timestamp
    amount
    amountDisplay
    sender {
      id
    }
    transaction {
      id
    }
    tokenVault {
      id
      token {
        id
        name
        symbol
        decimals
      }
      balance
      balanceDisplay
    }
    requestedAmount
    requestedAmountDisplay
  }
}


