---
source: crates/subgraph/tests/vaults_test.rs
expression: request_body.query
---
query SgVaultsListQuery($first: Int, $skip: Int, $filters: Vault_filter) {
  vaults(orderBy: id, orderDirection: desc, skip: $skip, first: $first, where: $filters) {
    id
    owner
    vaultId
    balance
    token {
      id
      address
      name
      symbol
      decimals
    }
    orderbook {
      id
    }
    ordersAsOutput(orderBy: timestampAdded, orderDirection: desc) {
      id
      orderHash
      active
    }
    ordersAsInput(orderBy: timestampAdded, orderDirection: desc) {
      id
      orderHash
      active
    }
    balanceChanges {
      __typename
      ... on Withdrawal {
        id
        __typename
        amount
        newVaultBalance
        oldVaultBalance
        vault {
          id
          vaultId
          token {
            id
            address
            name
            symbol
            decimals
          }
        }
        timestamp
        transaction {
          id
          from
          blockNumber
          timestamp
        }
        orderbook {
          id
        }
      }
      ... on TradeVaultBalanceChange {
        id
        __typename
        amount
        newVaultBalance
        oldVaultBalance
        vault {
          id
          vaultId
          token {
            id
            address
            name
            symbol
            decimals
          }
        }
        timestamp
        transaction {
          id
          from
          blockNumber
          timestamp
        }
        orderbook {
          id
        }
      }
      ... on Deposit {
        id
        __typename
        amount
        newVaultBalance
        oldVaultBalance
        vault {
          id
          vaultId
          token {
            id
            address
            name
            symbol
            decimals
          }
        }
        timestamp
        transaction {
          id
          from
          blockNumber
          timestamp
        }
        orderbook {
          id
        }
      }
      ... on ClearBounty {
        id
        __typename
        amount
        newVaultBalance
        oldVaultBalance
        vault {
          id
          vaultId
          token {
            id
            address
            name
            symbol
            decimals
          }
        }
        timestamp
        transaction {
          id
          from
          blockNumber
          timestamp
        }
        orderbook {
          id
        }
        sender
      }
    }
  }
}
