---
source: crates/subgraph/tests/vaults_test.rs
expression: request_body.query
---
query VaultsListQuery($first: Int, $skip: Int) {
  tokenVaults(orderBy: id, orderDirection: desc, skip: $skip, first: $first) {
    id
    owner {
      id
    }
    vaultId
    token {
      id
      name
      symbol
      decimals
    }
    balanceDisplay
    balance
    orders(orderBy: id, orderDirection: desc) {
      id
    }
  }
}


